// Jest Snapshot v1, https://goo.gl/fbAQLP

exports[`ModalHeader should match with the snapshot 1`] = `
<header
  className="c-modal__heading"
>
  <Heading
    level={3}
    title="Title"
  />
  <Text
    center={false}
    danger={false}
    end={false}
    fill={false}
    lg={false}
    primary={false}
    sm={false}
    success={false}
    uppercase={false}
    warning={false}
    xs={false}
  >
    Description
  </Text>
</header>
`;
