// Jest Snapshot v1, https://goo.gl/fbAQLP

exports[`CardItem should match with the snapshot 1`] = `
<li
  className="c-card-item"
>
  <span>
    Label
  </span>
  <span>
    Value
  </span>
</li>
`;
