// Jest Snapshot v1, https://goo.gl/fbAQLP

exports[`Filter should match with the snapshot 1`] = `
<div
  className="c-filter"
>
  <form
    onSubmit={null}
  >
    <Form
      className={null}
      onSubmit={[Function]}
    >
      <Grid
        fluid={true}
      >
        <FormRow>
          <FormGroup
            error={false}
            icon={false}
            md={4}
            success={false}
          >
            <Label
              name="ipt"
            >
              Label
            </Label>
            <Input
              dark={null}
              defaultValue={null}
              disabled={null}
              id="ipt"
              name="ipt"
              onChange={[Function]}
              parentRef={null}
              placeholder="Placeholder text"
              type="text"
              value=""
            />
          </FormGroup>
          <FormGroup
            error={false}
            icon={false}
            md={4}
            success={false}
          >
            <Label
              name="ipt"
            >
              Label
            </Label>
            <Input
              dark={null}
              defaultValue={null}
              disabled={null}
              id="ipt"
              name="ipt"
              onChange={[Function]}
              parentRef={null}
              placeholder="Placeholder text"
              type="text"
              value=""
            />
          </FormGroup>
        </FormRow>
        <FormActions
          alignBetween={false}
          alignEnd={true}
        >
          <Button
            container="default"
            disabled={false}
            loading={false}
            onClick={null}
            shape="rounded"
            size={2}
            submit={false}
            type="default"
          >
            Limpar filtros
          </Button>
          <Button
            container="default"
            disabled={false}
            loading={false}
            onClick={null}
            shape="rounded"
            size={2}
            submit={false}
            success={true}
            type="submit"
          >
            Filtrar
          </Button>
        </FormActions>
      </Grid>
    </Form>
  </form>
</div>
`;
