// Jest Snapshot v1, https://goo.gl/fbAQLP

exports[`ListItem should match with the snapshot 1`] = `
<li>
  <div>
    Content
  </div>
</li>
`;
