// Jest Snapshot v1, https://goo.gl/fbAQLP

exports[`BoxShadow should match with the snapshot 1`] = `
<div
  className="c-box-shadow--elevation-1 c-box-shadow--radius-2"
>
  <div>
    BoxShadow
  </div>
</div>
`;
