// Jest Snapshot v1, https://goo.gl/fbAQLP

exports[`Card should match with the snapshot 1`] = `
<Grid
  fluid={true}
>
  <Row
    className="c-card"
  >
    <CardItem
      ellipsis={false}
      format="DD MMM YYYY [Ã s] HH:mm"
      gray={false}
      label="Label"
      lbGray={false}
      lbPrimary={false}
      lbWhite={false}
      leftIcon={null}
      primary={false}
      small={false}
      svgPrimary={false}
      svgWhite={false}
      valPrimary={false}
      valWhite={false}
      value="Value"
      white={false}
    />
  </Row>
</Grid>
`;
