// Jest Snapshot v1, https://goo.gl/fbAQLP

exports[`Button should match with the snapshot 1`] = `
<button
  className="c-btn ripple c-btn--default c-btn--rounded c-btn--size-2"
  disabled={false}
  onClick={null}
  type="button"
>
  Button
</button>
`;
