// Jest Snapshot v1, https://goo.gl/fbAQLP

exports[`Select should match with the snapshot 1`] = `
<StateManager
  autoFocus={false}
  className="c-select"
  classNamePrefix={null}
  defaultInputValue=""
  defaultMenuIsOpen={false}
  defaultValue={null}
  isClearable={false}
  isDisabled={false}
  isMulti={false}
  isSearchable={false}
  name={null}
  noOptionsMessage={[Function]}
  onChange={[Function]}
  options={
    Array [
      Object {
        "label": "Chocolate",
        "value": "chocolate",
      },
      Object {
        "label": "Strawberry",
        "value": "strawberry",
      },
      Object {
        "label": "Vanilla",
        "value": "vanilla",
      },
      Object {
        "label": "Coconut",
        "value": "Coconut",
      },
    ]
  }
  placeholder="Selecione..."
  value={null}
/>
`;
