// Jest Snapshot v1, https://goo.gl/fbAQLP

exports[`Loader should match with the snapshot 1`] = `
<div
  className="c-loader"
>
  <div
    className="spinner"
  />
  <Text
    center={false}
    danger={false}
    end={false}
    fill={false}
    lg={false}
    primary={false}
    sm={false}
    success={false}
    uppercase={false}
    warning={false}
    xs={false}
  >
    Loading
  </Text>
</div>
`;
