// Jest Snapshot v1, https://goo.gl/fbAQLP

exports[`Card should match with the snapshot 1`] = `
<Grid
  fluid={true}
>
  <Row
    className="c-card"
  >
    <ListItem
      col={null}
      ellipsis={false}
      format="DD MMM YYYY [Ã s] HH:mm"
      label="Label"
      primary={false}
      value="Value"
    />
  </Row>
</Grid>
`;
